apiVersion: v1
data:
  config.json: '{}

    '
kind: ConfigMap
metadata:
  labels:
    app.kubernetes.io/instance: cloud-portal
    app.kubernetes.io/managed-by: Helm
    app.kubernetes.io/name: cloud-portal
    app.kubernetes.io/version: v0.1.0
    helm.sh/chart: cloud-portal-0.3.0
  name: cloud-portal-frontend
