apiVersion: v1
kind: Service
metadata:
  labels:
    app.kubernetes.io/instance: cloud-portal
    app.kubernetes.io/managed-by: Helm
    app.kubernetes.io/name: cloud-portal
    app.kubernetes.io/version: v0.2.1
    helm.sh/chart: cloud-portal-0.4.1
  name: cloud-portal
spec:
  ports:
    - name: http
      port: 8080
      protocol: TCP
      targetPort: http
  selector:
    app.kubernetes.io/instance: cloud-portal
    app.kubernetes.io/name: cloud-portal
  type: ClusterIP
