apiVersion: v1
kind: ServiceAccount
metadata:
  labels:
    app.kubernetes.io/instance: cloud-portal
    app.kubernetes.io/managed-by: Helm
    app.kubernetes.io/name: cloud-portal
    app.kubernetes.io/version: v0.2.0
    helm.sh/chart: cloud-portal-0.4.0
  name: cloud-portal
