apiVersion: v1
kind: Namespace
metadata:
  annotations: {}
  labels:
    name: appuio-cloud-portal
  name: appuio-cloud-portal
